---
source: tests/integration_tests/switch.rs
info:
  program: wt
  args:
    - switch
    - "--base"
    - main
    - main
  env:
    CLICOLOR_FORCE: "1"
    COLUMNS: "150"
    GIT_AUTHOR_DATE: "2025-01-01T00:00:00Z"
    GIT_COMMITTER_DATE: "2025-01-01T00:00:00Z"
    GIT_CONFIG_COUNT: "1"
    GIT_CONFIG_GLOBAL: /dev/null
    GIT_CONFIG_KEY_0: advice.mergeConflict
    GIT_CONFIG_SYSTEM: /dev/null
    GIT_CONFIG_VALUE_0: "false"
    GIT_EDITOR: ""
    LANG: C
    LC_ALL: C
    SOURCE_DATE_EPOCH: "1761609600"
    WORKTRUNK_CONFIG_PATH: "[TEST_CONFIG]"
---
success: true
exit_code: 0
----- stdout -----
🟡 [33m--base flag is only used with --create, ignoring[0m
⚪ Already on worktree for [1mmain[0m at [1m[REPO][0m
💡 [2mTo enable automatic cd, run: wt config shell install[0m

----- stderr -----
