---
source: tests/integration_tests/list.rs
info:
  program: wt
  args:
    - list
  env:
    GIT_AUTHOR_DATE: "2025-01-01T00:00:00Z"
    GIT_COMMITTER_DATE: "2025-01-01T00:00:00Z"
    GIT_CONFIG_GLOBAL: /dev/null
    GIT_CONFIG_SYSTEM: /dev/null
    GIT_EDITOR: ""
    LANG: C
    LC_ALL: C
    SOURCE_DATE_EPOCH: "1704067200"
---
success: true
exit_code: 0
----- stdout -----
[REPO]
  HEAD: [SHA]
  branch: main

[WORKTREE_LOCKED_FEATURE]
  HEAD: [SHA]
  branch: locked-feature
  (locked: Testing lock functionality)


----- stderr -----
