---
source: tests/integration_tests/help.rs
info:
  program: wt
  args:
    - config
    - "--help"
  env:
    CLICOLOR_FORCE: "1"
    COLUMNS: "150"
    GIT_EDITOR: ""
    WORKTRUNK_CONFIG_PATH: /nonexistent/test/config.toml
---
success: true
exit_code: 0
----- stdout -----
wt config - Manage configuration and shell integration
Usage: wt config [OPTIONS] <COMMAND>

Commands:
  shell          Shell integration setup
  create         Create global configuration file
  list           List configuration files & locations
  refresh-cache  Refresh default branch from remote
  status         Manage branch status markers
  approvals      Manage command approvals

Options:
  -h, --help
      Print help (see a summary with '-h')

Global Options:
  -C <path>
      Change working directory

  --config <path>          
      User config file path

  -v, --verbose
      Show commands and debug info

SETUP GUIDE:

1. Set up shell integration

   wt config shell install

   Or manually add to your shell config:
   eval "$(wt config shell init bash)"

2. (Optional) Create config file

   wt config create

   This creates ~/.config/worktrunk/config.toml with examples.

3. (Optional) Enable LLM commit messages

   Install: uv tool install -U llm
   Configure: llm keys set anthropic
   Add to config.toml:
 [commit-generation]
 command = "llm"    

LLM SETUP DETAILS:

For Claude:
   llm install llm-anthropic
   llm keys set anthropic
   llm models default claude-3.5-sonnet

For OpenAI:
   llm keys set openai

Use 'wt config list' to view your current configuration
Docs: https://llm.datasette.io/ | https://github.com/sigoden/aichat

CONFIGURATION FILES:

Global config (loaded in order of precedence):
1. WORKTRUNK_CONFIG_PATH environment variable
2. ~/.config/worktrunk/config.toml (Linux/macOS)
   %APPDATA%\worktrunk\config.toml (Windows)

Global config contents:
- worktree-path: Path template (see CUSTOM WORKTREE PATHS below)
- [list]: Default display options for 'wt list'
- [commit-generation]: LLM command and prompt templates
- [projects."project-id"]: Per-project approved commands (auto-populated)

Project config (.config/wt.toml in repository root):
- [post-create-command]: Commands after worktree creation
- [post-start-command]: Background commands after creation
- [pre-commit-command]: Validation before committing
- [pre-merge-command]: Validation before merge
- [post-merge-command]: Cleanup after merge

CUSTOM WORKTREE PATHS:

By default, worktrees live as siblings to the main repo:

  myapp/               # main worktree
  myapp.feature-x/     # secondary worktree
  myapp.bugfix-y/      # secondary worktree

Customize the pattern in ~/.config/worktrunk/config.toml:

  # Inside the repo (keeps everything contained)
  worktree-path = ".worktrees/{{ branch }}"

  # Shared directory with multiple repos
  worktree-path = "../worktrees/{{ main_worktree }}/{{ branch }}"

Available variables: {{ main_worktree }}, {{ branch }}, {{ repo }}
Default: "../{{ main_worktree }}.{{ branch }}"

CUSTOM PROMPT TEMPLATES:

Customize commit message prompts using minijinja templates.
Available variables: diff, files, commits, commit_count, branch, target.
Run 'wt config create' to generate example config with template examples.
Docs: https://docs.rs/minijinja/latest/minijinja/syntax/

----- stderr -----
