---
source: tests/integration_tests/select.rs
expression: normalized
---
> [QUERY]                                                     │[PREVIEW_HEADER]
    Branch   Status        HEAD±    main↕  Remote⇅  Commit  │Enter: switch | Esc: cancel | ctrl-u/d: scroll | alt-p: tog
> + feature   !  ↑       +3   -1   ↑1               c605f9..│
                                                            │ tracked.txt | 4 +++-
                                                            │ 1 file changed, 3 insertions(+), 1 deletion(-)
                                                            │diff --git a/tracked.txt b/tracked.txt
                                                            │index 9415d49..1142e4d 100644
                                                            │--- a/tracked.txt
                                                            │+++ b/tracked.txt
                                                            │@@ -1 +1,3 @@
                                                            │-Original content
                                                            │+Modified content
                                                            │+New line added
                                                            │+Another line
                                                            │
                                                            │
                                                            │
                                                            │
                                                            │
                                                            │
                                                            │
                                                            │
                                                            │
                                                            │
                                                            │
                                                            │
                                                            │
