---
source: tests/integration_tests/approval_ui.rs
info:
  program: wt
  args:
    - switch
    - "--create"
    - test-non-tty
  env:
    CLICOLOR_FORCE: "1"
    COLUMNS: "150"
    GIT_AUTHOR_DATE: "2025-01-01T00:00:00Z"
    GIT_COMMITTER_DATE: "2025-01-01T00:00:00Z"
    GIT_CONFIG_GLOBAL: /dev/null
    GIT_CONFIG_SYSTEM: /dev/null
    GIT_EDITOR: ""
    LANG: C
    LC_ALL: C
    SOURCE_DATE_EPOCH: "1761609600"
    WORKTRUNK_CONFIG_PATH: /var/folders/wf/s6ycxvvs4ln8qsdbfx40hnc40000gn/T/.tmpGrgnK1/test-config.toml
---
success: false
exit_code: 1
----- stdout -----
❌ [31mCannot prompt for approval in non-interactive environment[0m

💡 [2mIn CI/CD, use --force to skip prompts. To pre-approve commands, use 'wt beta ask-approvals'[0m

----- stderr -----
🟡 [33m[1m[33mtest-repo[0m[33m needs approval to execute [1m[33m1[0m[33m command:[0m

🔄 post-create:
[40m [0m  [1m[34mecho[0m [32m'test command'[0m[0m
