---
source: tests/integration_tests/approval_ui.rs
expression: combined
---
exit_code: 1
----- stdout -----

----- stderr -----
🟡 [33m[1mrepo[22m needs approval to execute [1m3[22m commands:[39m

⚪ post-create [1minstall[22m:
[107m [0m  [2m[0m[2m[34mecho[0m[2m [0m[2m[32m'Installing dependencies...'[0m[2m[0m

⚪ post-create [1mbuild[22m:
[107m [0m  [2m[0m[2m[34mecho[0m[2m [0m[2m[32m'Building project...'[0m[2m[0m

⚪ post-create [1mtest[22m:
[107m [0m  [2m[0m[2m[34mecho[0m[2m [0m[2m[32m'Running tests...'[0m[2m[0m

❌ [31mCannot prompt for approval in non-interactive environment[39m

💡 [2mIn CI/CD, use [90m--force[39m to skip prompts. To pre-approve commands, use [90mwt config approvals add[39m[22m
