---
source: tests/integration_tests/approval_ui.rs
expression: combined
---
exit_code: 1
----- stdout -----

----- stderr -----
🟡 [33m[1mrepo[22m needs approval to execute [1m1[22m command:[39m

⚪ post-create:
[107m [0m  [2m[0m[2m[34mecho[0m[2m [0m[2m[32m'test command'[0m[2m [0m[2m[36m>[0m[2m output.txt[0m

❌ [31mCannot prompt for approval in non-interactive environment[39m

💡 [2mIn CI/CD, use [90m--force[39m to skip prompts. To pre-approve commands, use [90mwt config approvals add[39m[22m
