---
source: tests/integration_tests/init.rs
info:
  program: wt
  args:
    - init
    - bash
  env:
    CLICOLOR_FORCE: "1"
    GIT_AUTHOR_DATE: "2025-01-01T00:00:00Z"
    GIT_COMMITTER_DATE: "2025-01-01T00:00:00Z"
    GIT_CONFIG_GLOBAL: /dev/null
    GIT_CONFIG_SYSTEM: /dev/null
    GIT_EDITOR: ""
    LANG: C
    LC_ALL: C
    SOURCE_DATE_EPOCH: "1704067200"
---
success: true
exit_code: 0
----- stdout -----
# worktrunk shell integration for bash

# Helper function to parse wt output and handle directives
_wt_exec() {
    local output line exit_code
    output="$(command wt "$@" 2>&1)"
    exit_code=$?

    # Parse output line by line
    while IFS= read -r line; do
        if [[ "$line" == __WORKTRUNK_CD__* ]]; then
            # Extract path and change directory
            \cd "${line#__WORKTRUNK_CD__}"
        else
            # Regular output - print it
            echo "$line"
        fi
    done <<< "$output"

    return $exit_code
}

# Override wt command to add --internal flag for switch and remove
wt() {
    local subcommand="$1"

    case "$subcommand" in
        switch|remove)
            # Commands that need --internal for directory change support
            shift
            _wt_exec "$subcommand" --internal "$@"
            ;;
        *)
            # All other commands pass through directly
            command wt "$@"
            ;;
    esac
}

# Dynamic completion function
_wt_complete() {
    local cur="${COMP_WORDS[COMP_CWORD]}"

    # Call wt complete with current command line
    local completions=$(command wt complete "${COMP_WORDS[@]}" 2>/dev/null)
    COMPREPLY=($(compgen -W "$completions" -- "$cur"))
}

# Register dynamic completion
complete -F _wt_complete wt

# Static completions (commands and flags)
_wt() {
    local i cur prev opts cmd
    COMPREPLY=()
    if [[ "${BASH_VERSINFO[0]}" -ge 4 ]]; then
        cur="$2"
    else
        cur="${COMP_WORDS[COMP_CWORD]}"
    fi
    prev="$3"
    cmd=""
    opts=""

    for i in "${COMP_WORDS[@]:0:COMP_CWORD}"
    do
        case "${cmd},${i}" in
            ",$1")
                cmd="wt"
                ;;
            wt,complete)
                cmd="wt__complete"
                ;;
            wt,completion)
                cmd="wt__completion"
                ;;
            wt,configure-shell)
                cmd="wt__configure__shell"
                ;;
            wt,init)
                cmd="wt__init"
                ;;
            wt,list)
                cmd="wt__list"
                ;;
            wt,merge)
                cmd="wt__merge"
                ;;
            wt,push)
                cmd="wt__push"
                ;;
            wt,remove)
                cmd="wt__remove"
                ;;
            wt,switch)
                cmd="wt__switch"
                ;;
            *)
                ;;
        esac
    done

    case "${cmd}" in
        wt)
            opts="-h -V --help --version init configure-shell list switch remove push merge completion complete"
            if [[ ${cur} == -* || ${COMP_CWORD} -eq 1 ]] ; then
                COMPREPLY=( $(compgen -W "${opts}" -- "${cur}") )
                return 0
            fi
            case "${prev}" in
                *)
                    COMPREPLY=()
                    ;;
            esac
            COMPREPLY=( $(compgen -W "${opts}" -- "${cur}") )
            return 0
            ;;
        wt__complete)
            opts="-h --help [ARGS]..."
            if [[ ${cur} == -* || ${COMP_CWORD} -eq 2 ]] ; then
                COMPREPLY=( $(compgen -W "${opts}" -- "${cur}") )
                return 0
            fi
            case "${prev}" in
                *)
                    COMPREPLY=()
                    ;;
            esac
            COMPREPLY=( $(compgen -W "${opts}" -- "${cur}") )
            return 0
            ;;
        wt__completion)
            opts="-h --help bash elvish fish nushell oil powershell xonsh zsh"
            if [[ ${cur} == -* || ${COMP_CWORD} -eq 2 ]] ; then
                COMPREPLY=( $(compgen -W "${opts}" -- "${cur}") )
                return 0
            fi
            case "${prev}" in
                *)
                    COMPREPLY=()
                    ;;
            esac
            COMPREPLY=( $(compgen -W "${opts}" -- "${cur}") )
            return 0
            ;;
        wt__configure__shell)
            opts="-h --shell --cmd --dry-run --help"
            if [[ ${cur} == -* || ${COMP_CWORD} -eq 2 ]] ; then
                COMPREPLY=( $(compgen -W "${opts}" -- "${cur}") )
                return 0
            fi
            case "${prev}" in
                --shell)
                    COMPREPLY=($(compgen -W "bash elvish fish nushell oil powershell xonsh zsh" -- "${cur}"))
                    return 0
                    ;;
                --cmd)
                    COMPREPLY=($(compgen -f "${cur}"))
                    return 0
                    ;;
                *)
                    COMPREPLY=()
                    ;;
            esac
            COMPREPLY=( $(compgen -W "${opts}" -- "${cur}") )
            return 0
            ;;
        wt__init)
            opts="-h --cmd --help <SHELL>"
            if [[ ${cur} == -* || ${COMP_CWORD} -eq 2 ]] ; then
                COMPREPLY=( $(compgen -W "${opts}" -- "${cur}") )
                return 0
            fi
            case "${prev}" in
                --cmd)
                    COMPREPLY=($(compgen -f "${cur}"))
                    return 0
                    ;;
                *)
                    COMPREPLY=()
                    ;;
            esac
            COMPREPLY=( $(compgen -W "${opts}" -- "${cur}") )
            return 0
            ;;
        wt__list)
            opts="-h --format --branches --help"
            if [[ ${cur} == -* || ${COMP_CWORD} -eq 2 ]] ; then
                COMPREPLY=( $(compgen -W "${opts}" -- "${cur}") )
                return 0
            fi
            case "${prev}" in
                --format)
                    COMPREPLY=($(compgen -W "table json" -- "${cur}"))
                    return 0
                    ;;
                *)
                    COMPREPLY=()
                    ;;
            esac
            COMPREPLY=( $(compgen -W "${opts}" -- "${cur}") )
            return 0
            ;;
        wt__merge)
            opts="-s -k -h --squash --keep --help [TARGET]"
            if [[ ${cur} == -* || ${COMP_CWORD} -eq 2 ]] ; then
                COMPREPLY=( $(compgen -W "${opts}" -- "${cur}") )
                return 0
            fi
            case "${prev}" in
                *)
                    COMPREPLY=()
                    ;;
            esac
            COMPREPLY=( $(compgen -W "${opts}" -- "${cur}") )
            return 0
            ;;
        wt__push)
            opts="-h --allow-merge-commits --help [TARGET]"
            if [[ ${cur} == -* || ${COMP_CWORD} -eq 2 ]] ; then
                COMPREPLY=( $(compgen -W "${opts}" -- "${cur}") )
                return 0
            fi
            case "${prev}" in
                *)
                    COMPREPLY=()
                    ;;
            esac
            COMPREPLY=( $(compgen -W "${opts}" -- "${cur}") )
            return 0
            ;;
        wt__remove)
            opts="-h --help"
            if [[ ${cur} == -* || ${COMP_CWORD} -eq 2 ]] ; then
                COMPREPLY=( $(compgen -W "${opts}" -- "${cur}") )
                return 0
            fi
            case "${prev}" in
                *)
                    COMPREPLY=()
                    ;;
            esac
            COMPREPLY=( $(compgen -W "${opts}" -- "${cur}") )
            return 0
            ;;
        wt__switch)
            opts="-c -b -h --create --base --help <BRANCH>"
            if [[ ${cur} == -* || ${COMP_CWORD} -eq 2 ]] ; then
                COMPREPLY=( $(compgen -W "${opts}" -- "${cur}") )
                return 0
            fi
            case "${prev}" in
                --base)
                    COMPREPLY=($(compgen -f "${cur}"))
                    return 0
                    ;;
                -b)
                    COMPREPLY=($(compgen -f "${cur}"))
                    return 0
                    ;;
                *)
                    COMPREPLY=()
                    ;;
            esac
            COMPREPLY=( $(compgen -W "${opts}" -- "${cur}") )
            return 0
            ;;
    esac
}

if [[ "${BASH_VERSINFO[0]}" -eq 4 && "${BASH_VERSINFO[1]}" -ge 4 || "${BASH_VERSINFO[0]}" -gt 4 ]]; then
    complete -F _wt -o nosort -o bashdefault -o default wt
else
    complete -F _wt -o bashdefault -o default wt
fi

----- stderr -----
