---
source: tests/integration_tests/help.rs
info:
  program: wt
  args:
    - merge
    - "--help"
  env:
    CLICOLOR_FORCE: "1"
    COLUMNS: "150"
    GIT_EDITOR: ""
    WORKTRUNK_CONFIG_PATH: /nonexistent/test/config.toml
---
success: true
exit_code: 0
----- stdout -----
wt merge - Merge worktree into target branch
Usage: wt merge [OPTIONS] [TARGET]

Arguments:
  [TARGET]
          Target branch
          
          Defaults to default branch.

Options:
      --no-squash
          Skip commit squashing

      --no-commit
          Skip commit, squash, and rebase

      --no-remove
          Keep worktree after merge

      --no-verify
          Skip all project hooks

  -f, --force
          Skip approval prompts

      --stage <STAGE>
          What to stage before committing [default: all]

          Possible values:
          - all:     Stage everything: untracked files + unstaged tracked changes
          - tracked: Stage tracked changes only (like git add -u)
          - none:    Stage nothing, commit only what's already in the index

  -h, --help
          Print help (see a summary with '-h')

Global Options:
  -C <path>
          Working directory for this command

      --config <path>
          User config file path

  -v, --verbose
          Show commands and debug info

[32mOperation[0m

Commit → Squash → Rebase → Pre-merge hooks → Push → Cleanup → Post-merge hooks

### Commit

Uncommitted changes are staged and committed with LLM message.
Use [2m--stage=tracked[0m to stage only tracked files, or [2m--stage=none[0m to commit only what's already staged.

### Squash

Multiple commits are squashed into one with LLM message.
Skip with [2m--no-squash[0m. Safety backup: [2mgit reflog show refs/wt-backup/<branch>[0m

### Rebase

Branch is rebased onto target. Conflicts abort the merge immediately.

### Hooks

Pre-merge commands run after rebase (failures abort). Post-merge commands
run after cleanup (failures logged). Skip all with [2m--no-verify[0m.

### Push

Fast-forward push to local target branch. Non-fast-forward pushes are rejected.

### Cleanup

Worktree and branch are removed. Skip with [2m--no-remove[0m.

[1mTemplate variables:[0m [2m{{ repo }}[0m, [2m{{ branch }}[0m, [2m{{ worktree }}[0m, [2m{{ repo_root }}[0m, [2m{{ target }}[0m

[1mSecurity:[0m Commands from project hooks require approval on first run.
Approvals are saved to user config. Use [2m--force[0m to bypass prompts.
See [2mwt config approvals --help[0m.

[32mExamples[0m

Basic merge to main:

  [2mwt merge[0m

Merge without squashing:

  [2mwt merge --no-squash[0m

Keep worktree after merging:

  [2mwt merge --no-remove[0m

Skip all hooks:

  [2mwt merge --no-verify[0m

----- stderr -----
