---
source: tests/integration_tests/switch.rs
info:
  program: wt
  args:
    - switch
    - "--create"
    - remote-feature
  env:
    CLICOLOR_FORCE: "1"
    COLUMNS: "150"
    GIT_AUTHOR_DATE: "2025-01-01T00:00:00Z"
    GIT_COMMITTER_DATE: "2025-01-01T00:00:00Z"
    GIT_CONFIG_GLOBAL: "[TEST_GIT_CONFIG]"
    GIT_CONFIG_SYSTEM: /dev/null
    GIT_EDITOR: ""
    HOME: "[TEST_HOME]"
    LANG: C
    LC_ALL: C
    SOURCE_DATE_EPOCH: "1735776000"
    WORKTRUNK_CONFIG_PATH: "[TEST_CONFIG]"
---
success: true
exit_code: 0
----- stdout -----

----- stderr -----
🟡 [33mBranch [1mremote-feature[22m exists on remote (origin/remote-feature); creating new branch from base instead[39m
💡 [2mUse [90mwt switch remote-feature[39m[2m (without [90m--create[39m) to switch to the remote branch[22m[22m
✅ [32m[32mCreated new worktree for [1mremote-feature[22m from [1mmain[22m at [1m[REPO].remote-feature[39m[22m[39m
💡 [2mRun `wt config shell install` to enable automatic cd[22m
