---
source: tests/integration_tests/select.rs
expression: normalized
---
> [QUERY]                                                     │[PREVIEW_HEADER]
    Branch   Status         HEAD±    main↕  Path         Rem│ctrl-u/d: scroll | ctrl-p: preview
> + feature      ↑                  ↑5      ./feature     ..│
                                                            │* b1549b6 (feature) Add file 5 with important changes
                                                            │* 111f7e4 Add file 4 with important changes
                                                            │* fe8881c Add file 3 with important changes
                                                            │* a0112c1 Add file 2 with important changes
                                                            │* f3a13a7 Add file 1 with important changes
                                                            │* b834638 Initial commit
                                                            │
                                                            │
                                                            │
                                                            │
                                                            │
                                                            │
                                                            │
                                                            │
                                                            │
                                                            │
                                                            │
                                                            │
                                                            │
                                                            │
                                                            │
                                                            │
                                                            │
                                                            │
