---
source: tests/integration_tests/select.rs
expression: normalized
---
> [QUERY]                                                     │[PREVIEW_HEADER]
    Branch       Status         HEAD±    main↕  Path        │ctrl-u/d: scroll | ctrl-p: preview
> @ main             ^                          ./test-rep..│
  + feature-one     ∅                           ./feature-..│No uncommitted changes
  + feature-two     ∅                           ./feature-..│
                                                            │
                                                            │
                                                            │
                                                            │
                                                            │
                                                            │
                                                            │
                                                            │
                                                            │
                                                            │
                                                            │
                                                            │
                                                            │
                                                            │
                                                            │
                                                            │
                                                            │
                                                            │
                                                            │
                                                            │
                                                            │
                                                            │
