---
source: tests/integration_tests/select.rs
expression: normalized
---
> [QUERY]                                                     │[PREVIEW_HEADER]
    Branch           Status         HEAD±    main↕  Path    │Enter: switch | Esc: cancel | ctrl-u/d: scroll | alt-p: tog
> @ main                 ^                          ./repo  │
  + active-worktree     _                           ./repo..│⚪ main has no uncommitted changes
    orphan-branch       _  /                                │
                                                            │
                                                            │
                                                            │
                                                            │
                                                            │
                                                            │
                                                            │
                                                            │
                                                            │
                                                            │
                                                            │
                                                            │
                                                            │
                                                            │
                                                            │
                                                            │
                                                            │
                                                            │
                                                            │
                                                            │
                                                            │
                                                            │
