---
source: tests/integration_tests/bare_repository.rs
info:
  program: wt
  args:
    - list
  env:
    CLICOLOR_FORCE: ""
    COLUMNS: "150"
    GIT_CONFIG_GLOBAL: /dev/null
    GIT_CONFIG_SYSTEM: /dev/null
    GIT_EDITOR: ""
    LANG: C
    LC_ALL: C
    NO_COLOR: ""
    SOURCE_DATE_EPOCH: "1761609600"
    WORKTRUNK_CONFIG: /var/folders/wf/s6ycxvvs4ln8qsdbfx40hnc40000gn/T/.tmpkoXSyA/test-config.toml
---
success: true
exit_code: 0
----- stdout -----

----- stderr -----
Branch   Status              HEAD±    main↕  Path                 Remote⇅  Commit    Age              Message
feature                                      ./test-repo.feature           72413a3b  10 months ago    Work on feature
main          ∅ ↓                        ↓1  ./test-repo.main              6c3da842  10 months ago    Initial commit on main

⚪ Showing 2 worktrees
